------------------------------------------------------------
TimeQuest Timing Analyzer Summary
------------------------------------------------------------

Type  : Slow 1100mV 85C Model Setup 'clk'
Slack : -2.599
TNS   : -150.055

Type  : Slow 1100mV 85C Model Hold 'clk'
Slack : 0.229
TNS   : 0.000

Type  : Slow 1100mV 85C Model Recovery 'clk'
Slack : -0.252
TNS   : -0.504

Type  : Slow 1100mV 85C Model Removal 'clk'
Slack : 0.456
TNS   : 0.000

Type  : Slow 1100mV 85C Model Minimum Pulse Width 'clk'
Slack : -2.225
TNS   : -257.685

Type  : Slow 1100mV 0C Model Setup 'clk'
Slack : -2.795
TNS   : -151.564

Type  : Slow 1100mV 0C Model Hold 'clk'
Slack : 0.218
TNS   : 0.000

Type  : Slow 1100mV 0C Model Recovery 'clk'
Slack : -0.166
TNS   : -0.331

Type  : Slow 1100mV 0C Model Removal 'clk'
Slack : 0.372
TNS   : 0.000

Type  : Slow 1100mV 0C Model Minimum Pulse Width 'clk'
Slack : -2.225
TNS   : -260.417

Type  : Fast 1100mV 85C Model Setup 'clk'
Slack : -1.477
TNS   : -66.985

Type  : Fast 1100mV 85C Model Hold 'clk'
Slack : 0.134
TNS   : 0.000

Type  : Fast 1100mV 85C Model Recovery 'clk'
Slack : 0.210
TNS   : 0.000

Type  : Fast 1100mV 85C Model Removal 'clk'
Slack : 0.241
TNS   : 0.000

Type  : Fast 1100mV 85C Model Minimum Pulse Width 'clk'
Slack : -2.174
TNS   : -207.278

Type  : Fast 1100mV 0C Model Setup 'clk'
Slack : -1.541
TNS   : -61.492

Type  : Fast 1100mV 0C Model Hold 'clk'
Slack : 0.088
TNS   : 0.000

Type  : Fast 1100mV 0C Model Recovery 'clk'
Slack : 0.294
TNS   : 0.000

Type  : Fast 1100mV 0C Model Removal 'clk'
Slack : 0.180
TNS   : 0.000

Type  : Fast 1100mV 0C Model Minimum Pulse Width 'clk'
Slack : -2.174
TNS   : -207.280

------------------------------------------------------------
